// Vitest Snapshot v1

exports[`Molecule - HeaderNav.vue > should render 1`] = `
"<div class=\\"hidden lg:flex lg:gap-5\\">
  <router-link class=\\"text-lg font-semibold text-gray-600 hover:text-gray-400 active:text-gray-300 transition hover:ease-in-out\\" active-class=\\"
      text-lime-500
      hover:text-lime-400
      active:text-lime-300
    \\" to=\\"/notice\\">
    <!-- TODO: text color SKKU - #8DC63F --> Notices
  </router-link>
  <router-link class=\\"text-lg font-semibold text-gray-600 hover:text-gray-400 active:text-gray-300 transition hover:ease-in-out\\" active-class=\\"
      text-lime-500
      hover:text-lime-400
      active:text-lime-300
    \\" to=\\"/contest\\">
    <!-- TODO: text color SKKU - #8DC63F --> Contests
  </router-link>
  <router-link class=\\"text-lg font-semibold text-gray-600 hover:text-gray-400 active:text-gray-300 transition hover:ease-in-out\\" active-class=\\"
      text-lime-500
      hover:text-lime-400
      active:text-lime-300
    \\" to=\\"/problem\\">
    <!-- TODO: text color SKKU - #8DC63F --> Problems
  </router-link>
  <router-link class=\\"text-lg font-semibold text-gray-600 hover:text-gray-400 active:text-gray-300 transition hover:ease-in-out\\" active-class=\\"
      text-lime-500
      hover:text-lime-400
      active:text-lime-300
    \\" to=\\"/lecture\\">
    <!-- TODO: text color SKKU - #8DC63F --> Lectures
  </router-link>
</div>"
`;
